// Jest Snapshot v1, https://goo.gl/fbAQLP

exports[`does this render 1`] = `
<div
  className="columns is-mobile"
>
  <div
    className="column is-9 is-offset-1"
  >
    <h1
      className="title is-t1"
    >
      Questionnaire_name
    </h1>
    <div>
      <h1
        className="title is-6"
      >
        Qu'est ce que tu as appris ?
      </h1>
      <div>
        <input
          id="input_response"
          onChange={[Function]}
          type="text"
        />
      </div>
    </div>
    <div>
      <h1
        className="title is-6"
      >
        Qu'est ce qui t'as étonné ?
      </h1>
      <div>
        <input
          id="input_response"
          onChange={[Function]}
          type="text"
        />
      </div>
    </div>
    <div>
      <h1
        className="title is-6"
      >
        Qu'est ce que tu voudrais avoir plus ou en plus ?
      </h1>
      <div>
        <input
          id="input_response"
          onChange={[Function]}
          type="text"
        />
      </div>
    </div>
    <div>
      <h1
        className="title is-6"
      >
        Qu'est ce que tu voudrais avoir moins ou en moins ?
      </h1>
      <div>
        <input
          id="input_response"
          onChange={[Function]}
          type="text"
        />
      </div>
    </div>
    <div>
      <h1
        className="title is-6"
      >
        Cb tu notes ce cour ?
      </h1>
      <input
        checked={false}
        onChange={[Function]}
        type="checkbox"
      />
      1
      <input
        checked={false}
        onChange={[Function]}
        type="checkbox"
      />
      2
      <input
        checked={false}
        onChange={[Function]}
        type="checkbox"
      />
      3
      <input
        checked={false}
        onChange={[Function]}
        type="checkbox"
      />
      4
      <input
        checked={false}
        onChange={[Function]}
        type="checkbox"
      />
      5
    </div>
    <div>
      <button
        onClick={[Function]}
        type="submit"
      >
        Send
      </button>
    </div>
  </div>
</div>
`;
