// Jest Snapshot v1, https://goo.gl/fbAQLP

exports[`does this render 1`] = `
<div>
  Questionnaire_name
  <div>
    Qu'est ce que tu as appris ?
    <div>
      <input
        id="input_response"
        onChange={[Function]}
        type="text"
      />
    </div>
  </div>
  <div>
    Qu'est ce qui t'as étonné ?
    <div>
      <input
        id="input_response"
        onChange={[Function]}
        type="text"
      />
    </div>
  </div>
  <div>
    Qu'est ce que tu voudrais avoir plus ou en plus ?
    <div>
      <input
        id="input_response"
        onChange={[Function]}
        type="text"
      />
    </div>
  </div>
  <div>
    Qu'est ce que tu voudrais avoir moins ou en moins ?
    <div>
      <input
        id="input_response"
        onChange={[Function]}
        type="text"
      />
    </div>
  </div>
  <div
    id="container reponse"
  >
    <div>
      Cb tu notes ce cour ?
    </div>
    <input
      checked={false}
      onChange={[Function]}
      type="checkbox"
    />
    1
    <input
      checked={false}
      onChange={[Function]}
      type="checkbox"
    />
    2
    <input
      checked={false}
      onChange={[Function]}
      type="checkbox"
    />
    3
    <input
      checked={false}
      onChange={[Function]}
      type="checkbox"
    />
    4
    <input
      checked={false}
      onChange={[Function]}
      type="checkbox"
    />
    5
  </div>
  <div>
    <button
      onClick={[Function]}
      type="submit"
    >
      Send
    </button>
  </div>
</div>
`;
