// Jest Snapshot v1, https://goo.gl/fbAQLP

exports[`renders correctly 1`] = `
<div>
  <div
    id="ButtonLayoutContainer"
  >
    <button
      id="AskQuestion"
      onClick={[Function]}
      type="button"
    >
      Posez votre question
    </button>
    <div
      className="dropdown"
    >
      <button
        className="dropbtn"
        type="button"
      >
        Changement de Rythme
      </button>
      <div
        className="dropdown-content"
      >
        <button
          className="buttonList"
          onClick={[Function]}
          type="button"
        >
          Demander d aller plus vite
        </button>
        <button
          className="buttonList"
          onClick={[Function]}
          type="button"
        >
          Demander d aller moins vite
        </button>
        <button
          className="buttonList"
          onClick={[Function]}
          type="button"
        >
          Je ne comprends plus rien
        </button>
        <button
          className="buttonList"
          onClick={[Function]}
          type="button"
        >
          Demander une pause
        </button>
      </div>
    </div>
    <div
      className="dropdown"
    >
      <button
        className="dropbtn"
        type="button"
      >
        Précision
      </button>
      <div
        className="dropdown-content"
      >
        <button
          className="buttonList"
          onClick={[Function]}
          type="button"
        >
          Demander d aller plus vite 2
        </button>
        <button
          className="buttonList"
          onClick={[Function]}
          type="button"
        >
          Demander d aller moins vite 2
        </button>
        <button
          className="buttonList"
          onClick={[Function]}
          type="button"
        >
          Je ne comprends plus rien 2
        </button>
        <button
          className="buttonList"
          onClick={[Function]}
          type="button"
        >
          Demander une pause 2
        </button>
      </div>
    </div>
  </div>
  <div
    id="clean"
  />
</div>
`;
