// Jest Snapshot v1, https://goo.gl/fbAQLP

exports[`does this render 1`] = `
<div
  className="column add-margin-left add15-margin-top is-3"
>
  <h2
    className="is-h2"
  >
    Mon fil d'Arianne
  </h2>
  <button
    className="button"
    id="Start"
    onClick={[Function]}
    type="button"
  >
    Ouverture
  </button>
  <button
    className="button"
    id="AskSummary"
    onClick={[Function]}
    type="button"
  >
    Faites un résumé
  </button>
  <button
    className="button"
    id="AskFeedback"
    onClick={[Function]}
    type="button"
  >
    Feedback
  </button>
</div>
`;
