// Jest Snapshot v1, https://goo.gl/fbAQLP

exports[`does this render 1`] = `
<div
  className="columns add-margin"
>
  <div
    className="column is-6"
  >
    <h1
      className="title is-2"
    >
      
       
      Aquarium :
      Testing in JS
    </h1>
    <p
      className="is-4"
    >
      Séance ouverte le
       
      12/03/2019
    </p>
  </div>
</div>
`;
