// Jest Snapshot v1, https://goo.gl/fbAQLP

exports[`does this render 1`] = `
Array [
  <div
    id="NameHeader"
  >
    <div>
      
       
      Aquarium :
      EBM example
    </div>
    <div>
      Séance ouverte le
       
      some date
    </div>
  </div>,
  <div>
    <div
      id="ButtonLayoutContainer"
    >
      <button
        id="AskQuestion"
        onClick={[Function]}
        type="button"
      >
        Posez votre question
      </button>
      <div
        className="dropdown"
      >
        <button
          className="dropbtn"
          type="button"
        >
          Changement de Rythme
        </button>
        <div
          className="dropdown-content"
        >
          <button
            className="buttonList"
            onClick={[Function]}
            type="button"
          >
            Demander d aller plus vite
          </button>
          <button
            className="buttonList"
            onClick={[Function]}
            type="button"
          >
            Demander d aller moins vite
          </button>
          <button
            className="buttonList"
            onClick={[Function]}
            type="button"
          >
            Je ne comprends plus rien
          </button>
          <button
            className="buttonList"
            onClick={[Function]}
            type="button"
          >
            Demander une pause
          </button>
        </div>
      </div>
      <div
        className="dropdown"
      >
        <button
          className="dropbtn"
          type="button"
        >
          Précision
        </button>
        <div
          className="dropdown-content"
        >
          <button
            className="buttonList"
            onClick={[Function]}
            type="button"
          >
            Demander d aller plus vite 2
          </button>
          <button
            className="buttonList"
            onClick={[Function]}
            type="button"
          >
            Demander d aller moins vite 2
          </button>
          <button
            className="buttonList"
            onClick={[Function]}
            type="button"
          >
            Je ne comprends plus rien 2
          </button>
          <button
            className="buttonList"
            onClick={[Function]}
            type="button"
          >
            Demander une pause 2
          </button>
        </div>
      </div>
    </div>
    <div
      id="clean"
    />
  </div>,
  <button
    hidden={false}
    onClick={[Function]}
    type="button"
  >
    Chercher un Fishtank
  </button>,
  <div>
    ActivityContainer
    <div>
      Questionnaire_name
      <div>
        Qu'est ce que tu as appris ?
        <div>
          <input
            id="input_response"
            onChange={[Function]}
            type="text"
          />
        </div>
      </div>
      <div>
        Qu'est ce qui t'as étonné ?
        <div>
          <input
            id="input_response"
            onChange={[Function]}
            type="text"
          />
        </div>
      </div>
      <div>
        Qu'est ce que tu voudrais avoir plus ou en plus ?
        <div>
          <input
            id="input_response"
            onChange={[Function]}
            type="text"
          />
        </div>
      </div>
      <div>
        Qu'est ce que tu voudrais avoir moins ou en moins ?
        <div>
          <input
            id="input_response"
            onChange={[Function]}
            type="text"
          />
        </div>
      </div>
      <div
        id="container reponse"
      >
        <div>
          Cb tu notes ce cour ?
        </div>
        <input
          checked={false}
          onChange={[Function]}
          type="checkbox"
        />
        1
        <input
          checked={false}
          onChange={[Function]}
          type="checkbox"
        />
        2
        <input
          checked={false}
          onChange={[Function]}
          type="checkbox"
        />
        3
        <input
          checked={false}
          onChange={[Function]}
          type="checkbox"
        />
        4
        <input
          checked={false}
          onChange={[Function]}
          type="checkbox"
        />
        5
      </div>
      <div>
        <button
          onClick={[Function]}
          type="submit"
        >
          Send
        </button>
      </div>
    </div>
    End
  </div>,
]
`;
