// Jest Snapshot v1, https://goo.gl/fbAQLP

exports[`Layout renders correctly 1`] = `
<div>
  <div
    id="header"
  >
    <header>
      <div
        className="columns add-margin"
      >
        <div
          className="column"
        />
      </div>
      <div
        className="columns add-margin"
      >
        <div
          className="column is-2"
        >
          <figure
            className="image"
          >
            <img
              alt="TenuGUI"
              src="LogoTenuGUI.png"
            />
          </figure>
        </div>
        <div
          className="column is-8"
        />
        <div
          className="column"
        >
          <figure
            className="image is-64x64"
          >
            <img
              alt="MonProfil"
              src="../../../images/PhotoProfil.png"
            />
            <p>
              
            </p>
          </figure>
        </div>
      </div>
    </header>
  </div>
  <main>
    <input
      checked={true}
      onChange={[Function]}
      type="checkbox"
    />
    42
  </main>
</div>
`;
