// Jest Snapshot v1, https://goo.gl/fbAQLP

exports[`Layout renders correctly 1`] = `
<div>
  <div
    id="header"
  >
    <p>
      Header
    </p>
    <p>
      UserAccountWidget
    </p>
  </div>
  <main>
    <input
      checked={true}
      onChange={[Function]}
      type="checkbox"
    />
    42
  </main>
  <footer>
    footer
  </footer>
</div>
`;
