// Jest Snapshot v1, https://goo.gl/fbAQLP

exports[`does this render 1`] = `
Array [
  <h2
    className="is-h2"
  >
    Mes Activités
  </h2>,
  <button
    className="button is-info is-inverted"
    name="button"
    onClick={[Function]}
    type="button"
  >
    Ouverture
  </button>,
  <button
    className="button is-info is-inverted"
    name="button"
    onClick={[Function]}
    type="button"
  >
    Feedback
  </button>,
]
`;
