// Jest Snapshot v1, https://goo.gl/fbAQLP

exports[`does this render 1`] = `
Array [
  <div>
    Mes Activités
  </div>,
  <div
    id="activityContainer"
  >
    <button
      onClick={[Function]}
      type="button"
    >
      Ouverture
    </button>
    <button
      onClick={[Function]}
      type="button"
    >
      FeedBack
    </button>
  </div>,
]
`;
