// Jest Snapshot v1, https://goo.gl/fbAQLP

exports[`does this render 1`] = `
Array [
  <div>
    Mes Actions
  </div>,
  <div
    id="actionsContainer"
  >
    <button
      onClick={[Function]}
      type="button"
    >
      Vous avez Compris ?
    </button>
    <button
      onClick={[Function]}
      type="button"
    >
      Votre attention svp !
    </button>
    <button
      onClick={[Function]}
      type="button"
    >
      Faites un résumé
    </button>
    <button
      type="button"
    >
      Reboot
    </button>
    <button
      onClick={[Function]}
      type="button"
    >
      Vous en êtes où ?
    </button>
  </div>,
]
`;
